
> build
> vite build

vite v6.3.5 building for production...
transforming...
✓ 2670 modules transformed.
rendering chunks...
computing gzip size...
public/build/manifest.json                              19.95 kB │ gzip:   2.10 kB
public/build/assets/logo-TWaASK1o.png                  311.91 kB
public/build/assets/tree-VKXZeROe.png                1,568.46 kB
public/build/assets/login-sMylfg3l.css                   0.62 kB │ gzip:   0.32 kB
public/build/assets/forgot-password-CJlQx7hO.css         0.64 kB │ gzip:   0.33 kB
public/build/assets/register-C98hGUbp.css                0.70 kB │ gzip:   0.32 kB
public/build/assets/app-layout-DigUP5jQ.css              1.55 kB │ gzip:   0.64 kB
public/build/assets/Index-Co3eLIgm.css                   2.72 kB │ gzip:   0.80 kB
public/build/assets/verify-email-D78YBY2W.css            2.84 kB │ gzip:   0.80 kB
public/build/assets/tree-eEj9PPoo.css                    4.46 kB │ gzip:   1.35 kB
public/build/assets/SetupPage-1sewblae.css               4.76 kB │ gzip:   1.44 kB
public/build/assets/invitations-ByAweFAT.css            10.58 kB │ gzip:   2.08 kB
public/build/assets/app-DbTUXniH.css                   108.68 kB │ gzip:  18.55 kB
public/build/assets/input-error-BScdODNM.js              0.25 kB │ gzip:   0.20 kB
public/build/assets/text-link-Ba_Xicok.js                0.36 kB │ gzip:   0.26 kB
public/build/assets/user-plus-DrmEInbN.js                0.49 kB │ gzip:   0.34 kB
public/build/assets/textarea-D0V5mtAz.js                 0.52 kB │ gzip:   0.34 kB
public/build/assets/index-BO6Q_hjs.js                    0.53 kB │ gzip:   0.36 kB
public/build/assets/index-va1ci0xd.js                    0.55 kB │ gzip:   0.40 kB
public/build/assets/label-BnzahiKW.js                    0.68 kB │ gzip:   0.44 kB
public/build/assets/input-Dp0WO28s.js                    0.83 kB │ gzip:   0.46 kB
public/build/assets/sun-BVuJhYZK.js                      0.92 kB │ gzip:   0.42 kB
public/build/assets/card-Con5dRbj.js                     0.94 kB │ gzip:   0.35 kB
public/build/assets/Index-Cw05lFlk.js                    1.33 kB │ gzip:   0.64 kB
public/build/assets/tree-BBPaD6v1.js                     1.54 kB │ gzip:   0.78 kB
public/build/assets/verify-email-CGhR-ZQY.js             1.88 kB │ gzip:   0.88 kB
public/build/assets/appearance-B7iEbHG1.js               1.95 kB │ gzip:   0.99 kB
public/build/assets/forgot-password-C1tmS0X-.js          2.14 kB │ gzip:   1.00 kB
public/build/assets/index-DQ4APkNS.js                    2.16 kB │ gzip:   0.97 kB
public/build/assets/confirm-password-Dee-sOKK.js         2.19 kB │ gzip:   1.01 kB
public/build/assets/dialog-D5mgw_1t.js                   2.20 kB │ gzip:   0.84 kB
public/build/assets/familyMemberService-B4SoEITI.js      2.20 kB │ gzip:   0.79 kB
public/build/assets/layout-Dk9AwRGC.js                   2.28 kB │ gzip:   0.98 kB
public/build/assets/index-yZ8aMPwV.js                    2.34 kB │ gzip:   1.12 kB
public/build/assets/welcome-D9PmUdl5.js                  2.53 kB │ gzip:   0.93 kB
public/build/assets/password-D49dUjA9.js                 2.84 kB │ gzip:   1.07 kB
public/build/assets/checkbox-BBH0Eb2c.js                 3.09 kB │ gzip:   1.48 kB
public/build/assets/reset-password-oEgby2tF.js           3.16 kB │ gzip:   1.12 kB
public/build/assets/login-Drk0kwL0.js                    3.16 kB │ gzip:   1.33 kB
public/build/assets/dashboard-Tt2lucC7.js                3.17 kB │ gzip:   1.03 kB
public/build/assets/index-DV9ObWOY.js                    3.62 kB │ gzip:   1.61 kB
public/build/assets/Edit-DTXB4xi8.js                     4.30 kB │ gzip:   1.74 kB
public/build/assets/profile-BbK2wnkF.js                  4.76 kB │ gzip:   1.83 kB
public/build/assets/index-Bs47JkJC.js                    5.08 kB │ gzip:   2.15 kB
public/build/assets/register-Bsaf010u.js                 5.32 kB │ gzip:   1.69 kB
public/build/assets/Create-DxbCOVLz.js                   5.65 kB │ gzip:   1.77 kB
public/build/assets/alert-dialog-CvNUrrUQ.js             6.52 kB │ gzip:   2.50 kB
public/build/assets/Index-DBixcVV0.js                    6.53 kB │ gzip:   2.09 kB
public/build/assets/InvitationsPage-fOUILVs5.js          8.05 kB │ gzip:   2.56 kB
public/build/assets/use-toast-DK-VDdWN.js                8.83 kB │ gzip:   3.51 kB
public/build/assets/transition-CoFinSo4.js              14.33 kB │ gzip:   5.68 kB
public/build/assets/select-D9O2BAaz.js                  22.19 kB │ gzip:   7.67 kB
public/build/assets/app-logo-icon-CZsFuR7-.js           27.51 kB │ gzip:   9.43 kB
public/build/assets/SetupPage-BWhJnXZU.js               30.37 kB │ gzip:   7.75 kB
public/build/assets/sidebar-Bj-zwmG0.js                 39.13 kB │ gzip:  12.36 kB
public/build/assets/app-layout-DMV_gEim.js              42.38 kB │ gzip:  12.47 kB
public/build/assets/index-CdSt3sNN.js                   43.75 kB │ gzip:  16.00 kB
public/build/assets/Show-ux7vLEI1.js                   109.16 kB │ gzip:  33.10 kB
public/build/assets/app-B16XcXO0.js                    326.84 kB │ gzip: 107.12 kB
✓ built in 3.39s
